20
17 7 0 15 10
1 7 15 10
2
3
4
5
6
1 16 0 7 17 15 10
8
9
7 10 1 15 0 17 16
11
12
13
14
17 7 16 10 1 15 0
15 17 16 7 10
16 15 17 7 10 0
18
19
